---
source: tests/errors.rs
expression: output
---
warning[E0101]: Name `b` is never used.
  │
3 │  try (a, b) = o
  │          ^
  ╰─𜱶 tests/errors/try-unsupported-pattern/main.pa:3:10

error[E0125]: `try` only supports an identifier or `_` pattern on the left-hand side.
  │
  ├─𜱶 help: bind to a name, then destructure with `let` on the next line.
  │
3 │  try (a, b) = o
  │  ^^^^^^^^^^^^^^
  ╰─𜱶 tests/errors/try-unsupported-pattern/main.pa:3:2
