---
source: tests/analyze.rs
expression: output
---
module `main` (tests/analyze/multi-module-nested/main.pa) {
    comments: {},
    ast: Some(
        module(0:0-3:31) [
            use(0:0-0:13) `sub.utils`,
        ] [
            def(2:0-2:24) :: nothing {
                name: ident(2:4-2:9) `value`,
                kind: expr(2:12-2:24) :: int {
                    kind: field-access {
                        receiver: expr(2:12-2:17) :: ? {
                            kind: ident(2:12-2:17) `utils`,
                        },
                        field: ident(2:18-2:24) `answer`,
                    },
                },
            },
            def(3:0-3:31) :: nothing {
                name: ident(3:4-3:11) `doubled`,
                kind: expr(3:14-3:31) :: int {
                    kind: call(3:14-3:31) {
                        callee: expr(3:14-3:28) :: 't -> 't {
                            kind: field-access {
                                receiver: expr(3:14-3:19) :: ? {
                                    kind: ident(3:14-3:19) `utils`,
                                },
                                field: ident(3:20-3:28) `identity`,
                            },
                        },
                        args: [
                            expr(3:29-3:31) :: int {
                                kind: literal(3:29-3:31) int 42,
                            },
                        ],
                    },
                },
            },
        ],
    ),
}
