---
source: tests/analyze.rs
expression: output
---
module `main` (tests/analyze/record-update/main.pa) {
    comments: {
        0: " Record update infers the same record type as the base, and works through",
        1: " a polymorphic function parameter (row-polymorphic base).",
    },
    ast: Some(
        module(3:0-13:1) [
            def(3:0-5:1) :: nothing {
                name: ident(3:4-3:13) `with-name`,
                kind: expr(3:16-5:1) :: ({name: 'a, ...}) 'a -> {name: 'a, ...} {
                    kind: fun(3:16-5:1) {
                        params: [
                            ident(3:20-3:21) `r` :: {name: 'a, ...},
                            ident(3:22-3:26) `name` :: 'a,
                        ],
                        body: [
                            expr(4:1-4:15) :: {name: 'a, ...} {
                                kind: record-update {
                                    base: expr(4:6-4:7) :: {name: 'a, ...} {
                                        kind: ident(4:6-4:7) `r`,
                                    },
                                    fields: [
                                        (
                                            ident(4:9-4:13) `name`,
                                            expr(4:9-4:13) :: 'a {
                                                kind: ident(4:9-4:13) `name`,
                                            },
                                        ),
                                    ],
                                },
                            },
                        ],
                    },
                },
            },
            def(7:0-13:1) :: nothing {
                name: ident(7:4-7:8) `main`,
                kind: expr(7:11-13:1) :: nothing -> nothing {
                    kind: fun(7:11-13:1) {
                        params: [],
                        body: [
                            expr(8:1-8:34) :: nothing {
                                kind: let(8:1-8:34) {
                                    pattern: pattern(8:5-8:6) Identifier(
                                        ident(8:5-8:6) `a`,
                                    ),
                                    value: expr(8:9-8:34) :: {age: int, name: string} {
                                        kind: record [
                                            (
                                                ident(8:11-8:15) `name`,
                                                expr(8:18-8:23) :: string {
                                                    kind: literal(8:18-8:23) string "Reid",
                                                },
                                            ),
                                            (
                                                ident(8:25-8:28) `age`,
                                                expr(8:30-8:32) :: int {
                                                    kind: literal(8:30-8:32) int 32,
                                                },
                                            ),
                                        ],
                                    },
                                },
                            },
                            expr(9:1-9:32) :: nothing {
                                kind: let(9:1-9:32) {
                                    pattern: pattern(9:5-9:6) Identifier(
                                        ident(9:5-9:6) `b`,
                                    ),
                                    value: expr(9:9-9:32) :: {age: int, name: string} {
                                        kind: record-update {
                                            base: expr(9:14-9:15) :: {age: int, name: string} {
                                                kind: ident(9:14-9:15) `a`,
                                            },
                                            fields: [
                                                (
                                                    ident(9:17-9:21) `name`,
                                                    expr(9:24-9:30) :: string {
                                                        kind: literal(9:24-9:30) string "Other",
                                                    },
                                                ),
                                            ],
                                        },
                                    },
                                },
                            },
                            expr(10:1-10:28) :: nothing {
                                kind: let(10:1-10:28) {
                                    pattern: pattern(10:5-10:6) Identifier(
                                        ident(10:5-10:6) `c`,
                                    ),
                                    value: expr(10:9-10:28) :: {age: int, name: string} {
                                        kind: call(10:9-10:28) {
                                            callee: expr(10:9-10:18) :: ({age: int, name: string}) string -> {age: int, name: string} {
                                                kind: ident(10:9-10:18) `with-name`,
                                            },
                                            args: [
                                                expr(10:19-10:20) :: {age: int, name: string} {
                                                    kind: ident(10:19-10:20) `a`,
                                                },
                                                expr(10:22-10:28) :: string {
                                                    kind: literal(10:22-10:28) string "Third",
                                                },
                                            ],
                                        },
                                    },
                                },
                            },
                            expr(11:1-11:13) :: nothing {
                                kind: call(11:1-11:13) {
                                    callee: expr(11:1-11:6) :: string -> nothing {
                                        kind: ident(11:1-11:6) `print`,
                                    },
                                    args: [
                                        expr(11:7-11:13) :: string {
                                            kind: field-access {
                                                receiver: expr(11:7-11:8) :: {age: int, name: string} {
                                                    kind: ident(11:7-11:8) `b`,
                                                },
                                                field: ident(11:9-11:13) `name`,
                                            },
                                        },
                                    ],
                                },
                            },
                            expr(12:1-12:13) :: nothing {
                                kind: call(12:1-12:13) {
                                    callee: expr(12:1-12:6) :: string -> nothing {
                                        kind: ident(12:1-12:6) `print`,
                                    },
                                    args: [
                                        expr(12:7-12:13) :: string {
                                            kind: field-access {
                                                receiver: expr(12:7-12:8) :: {age: int, name: string} {
                                                    kind: ident(12:7-12:8) `c`,
                                                },
                                                field: ident(12:9-12:13) `name`,
                                            },
                                        },
                                    ],
                                },
                            },
                        ],
                    },
                },
            },
        ],
    ),
}
