---
source: tests/analyze.rs
expression: output
---
module `main` (tests/analyze/hello-world/main.pa) {
    comments: {},
    ast: Some(
        module(0:0-0:33) [
            def(0:0-0:33) :: nothing {
                name: ident(0:4-0:15) `hello-world`,
                kind: expr(0:19-0:33) :: string {
                    kind: literal(0:19-0:33) string "hello, world!",
                },
            },
        ],
    ),
}
