---
source: tests/analyze.rs
expression: output
---
module `main` (tests/analyze/if-implicit-true/main.pa) {
    comments: {
        0: " Omitting `is PATTERN` desugars to `is true`: the typed module should show a",
        1: " synthesized `true` literal pattern on the `if`/`while` nodes, spanning the",
        2: " subject.",
    },
    ast: Some(
        module(4:0-17:1) [
            def(4:0-12:1) :: nothing {
                name: ident(4:4-4:9) `grade`,
                kind: expr(4:12-12:1) :: int -> string {
                    kind: fun(4:12-12:1) {
                        params: [
                            ident(4:16-4:17) `n` :: int,
                        ],
                        body: [
                            expr(5:1-11:2) :: string {
                                kind: if(5:1-11:2) expr(5:4-5:11) :: bool {
                                    kind: binary op(5:6-5:8) `>=` {
                                        left: expr(5:4-5:5) :: int {
                                            kind: ident(5:4-5:5) `n`,
                                        },
                                        right: expr(5:9-5:11) :: int {
                                            kind: literal(5:9-5:11) int 90,
                                        },
                                    },
                                } pattern(5:4-5:11) Literal(
                                    literal(5:4-5:11) bool true,
                                ) [
                                    expr(6:3-6:5) :: string {
                                        kind: literal(6:3-6:5) string "a",
                                    },
                                ] else [
                                    expr(7:8-11:2) :: string {
                                        kind: if(7:8-11:2) expr(7:11-7:18) :: bool {
                                            kind: binary op(7:13-7:15) `>=` {
                                                left: expr(7:11-7:12) :: int {
                                                    kind: ident(7:11-7:12) `n`,
                                                },
                                                right: expr(7:16-7:18) :: int {
                                                    kind: literal(7:16-7:18) int 80,
                                                },
                                            },
                                        } pattern(7:11-7:18) Literal(
                                            literal(7:11-7:18) bool true,
                                        ) [
                                            expr(8:3-8:5) :: string {
                                                kind: literal(8:3-8:5) string "b",
                                            },
                                        ] else [
                                            expr(10:3-10:5) :: string {
                                                kind: literal(10:3-10:5) string "c",
                                            },
                                        ],
                                    },
                                ],
                            },
                        ],
                    },
                },
            },
            def(14:0-17:1) :: nothing {
                name: ident(14:4-14:8) `spin`,
                kind: expr(14:11-17:1) :: nothing -> nothing {
                    kind: fun(14:11-17:1) {
                        params: [],
                        body: [
                            expr(15:1-15:18) :: nothing {
                                kind: let(15:1-15:18) {
                                    pattern: pattern(15:5-15:6) Identifier(
                                        ident(15:5-15:6) `r`,
                                    ),
                                    value: expr(15:9-15:18) :: ref int {
                                        kind: call(15:9-15:18) {
                                            callee: expr(15:9-15:16) :: 'a -> ref 'a {
                                                kind: namespace-access `ref.new`,
                                            },
                                            args: [
                                                expr(15:17-15:18) :: int {
                                                    kind: literal(15:17-15:18) int 2,
                                                },
                                            ],
                                        },
                                    },
                                },
                            },
                            expr(16:1-16:50) :: nothing {
                                kind: while(16:1-16:50) expr(16:7-16:20) :: bool {
                                    kind: binary op(16:17-16:18) `>` {
                                        left: expr(16:7-16:16) :: int {
                                            kind: call(16:7-16:16) {
                                                callee: expr(16:7-16:14) :: (ref 'a) -> 'a {
                                                    kind: namespace-access `ref.get`,
                                                },
                                                args: [
                                                    expr(16:15-16:16) :: ref int {
                                                        kind: ident(16:15-16:16) `r`,
                                                    },
                                                ],
                                            },
                                        },
                                        right: expr(16:19-16:20) :: int {
                                            kind: literal(16:19-16:20) int 0,
                                        },
                                    },
                                } is pattern(16:7-16:20) Literal(
                                    literal(16:7-16:20) bool true,
                                ) [
                                    expr(16:23-16:48) :: nothing {
                                        kind: call(16:23-16:48) {
                                            callee: expr(16:23-16:30) :: (ref 'a) 'a -> nothing {
                                                kind: namespace-access `ref.set`,
                                            },
                                            args: [
                                                expr(16:31-16:32) :: ref int {
                                                    kind: ident(16:31-16:32) `r`,
                                                },
                                                expr(16:33-16:48) :: int {
                                                    kind: expr(16:34-16:47) :: int {
                                                        kind: binary op(16:44-16:45) `-` {
                                                            left: expr(16:34-16:43) :: int {
                                                                kind: call(16:34-16:43) {
                                                                    callee: expr(16:34-16:41) :: (ref 'a) -> 'a {
                                                                        kind: namespace-access `ref.get`,
                                                                    },
                                                                    args: [
                                                                        expr(16:42-16:43) :: ref int {
                                                                            kind: ident(16:42-16:43) `r`,
                                                                        },
                                                                    ],
                                                                },
                                                            },
                                                            right: expr(16:46-16:47) :: int {
                                                                kind: literal(16:46-16:47) int 1,
                                                            },
                                                        },
                                                    },
                                                },
                                            ],
                                        },
                                    },
                                ],
                            },
                        ],
                    },
                },
            },
        ],
    ),
}
