---
source: tests/analyze.rs
expression: output
---
module `main` (tests/analyze/prelude-to-string/main.pa) {
    comments: {},
    ast: Some(
        module(0:0-4:37) [
            def(0:0-0:32) :: nothing {
                name: ident(0:4-0:17) `num-as-string`,
                kind: expr(0:20-0:32) :: string {
                    kind: call(0:20-0:32) {
                        callee: expr(0:20-0:29) :: int -> string {
                            kind: ident(0:20-0:29) `to-string`,
                        },
                        args: [
                            expr(0:30-0:32) :: int {
                                kind: literal(0:30-0:32) int 42,
                            },
                        ],
                    },
                },
            },
            def(2:0-2:35) :: nothing {
                name: ident(2:4-2:18) `bool-as-string`,
                kind: expr(2:21-2:35) :: string {
                    kind: call(2:21-2:35) {
                        callee: expr(2:21-2:30) :: bool -> string {
                            kind: ident(2:21-2:30) `to-string`,
                        },
                        args: [
                            expr(2:31-2:35) :: bool {
                                kind: literal(2:31-2:35) bool true,
                            },
                        ],
                    },
                },
            },
            def(4:0-4:37) :: nothing {
                name: ident(4:4-4:20) `string-as-string`,
                kind: expr(4:23-4:37) :: string {
                    kind: call(4:23-4:37) {
                        callee: expr(4:23-4:32) :: string -> string {
                            kind: ident(4:23-4:32) `to-string`,
                        },
                        args: [
                            expr(4:34-4:37) :: string {
                                kind: literal(4:34-4:37) string "hi",
                            },
                        ],
                    },
                },
            },
        ],
    ),
}
