---
source: pluma-tests/tests/analyze.rs
expression: output
---
module `main` (tests/analyze/empty-list/main.pa) {
    comments: {},
    ast: Some(
        module(0:0-3:27) [
            def(0:0-0:12) :: nothing {
                name: ident(0:4-0:9) `empty`,
                kind: expr(0:10-0:12) :: list 'l {
                    kind: [],
                },
            },
            def(1:0-1:18) :: nothing {
                name: ident(1:4-1:8) `ints`,
                kind: expr(1:9-1:18) :: list int {
                    kind: [
                        expr(1:10-1:11) :: int {
                            kind: literal(1:10-1:11) int 1,
                        },
                        expr(1:13-1:14) :: int {
                            kind: literal(1:13-1:14) int 2,
                        },
                        expr(1:16-1:17) :: int {
                            kind: literal(1:16-1:17) int 3,
                        },
                    ],
                },
            },
            def(2:0-2:27) :: nothing {
                name: ident(2:4-2:11) `strings`,
                kind: expr(2:12-2:27) :: list string {
                    kind: [
                        expr(2:14-2:16) :: string {
                            kind: literal(2:14-2:16) string "a",
                        },
                        expr(2:19-2:21) :: string {
                            kind: literal(2:19-2:21) string "b",
                        },
                        expr(2:24-2:26) :: string {
                            kind: literal(2:24-2:26) string "c",
                        },
                    ],
                },
            },
            def(3:0-3:27) :: nothing {
                name: ident(3:4-3:10) `nested`,
                kind: expr(3:11-3:27) :: list (list int) {
                    kind: [
                        expr(3:12-3:18) :: list int {
                            kind: [
                                expr(3:13-3:14) :: int {
                                    kind: literal(3:13-3:14) int 1,
                                },
                                expr(3:16-3:17) :: int {
                                    kind: literal(3:16-3:17) int 2,
                                },
                            ],
                        },
                        expr(3:20-3:26) :: list int {
                            kind: [
                                expr(3:21-3:22) :: int {
                                    kind: literal(3:21-3:22) int 3,
                                },
                                expr(3:24-3:25) :: int {
                                    kind: literal(3:24-3:25) int 4,
                                },
                            ],
                        },
                    ],
                },
            },
        ],
    ),
}
