---
source: pluma_parser/tests/parse_success.rs
expression: "let (a, _, (_, b)) = (47, something, tuple)"
---

=== Source ===
let (a, _, (_, b)) = (47, something, tuple)

=== Comments ===
{}

=== AST ===
Module(0, 43) [
    TopLevelStatementNode {
        pos: (
            0,
            43,
        ),
        kind: Let(
            LetNode {
                pos: (
                    0,
                    43,
                ),
                pattern: PatternNode {
                    pos: (
                        4,
                        18,
                    ),
                    kind: UnlabeledTuple(
                        [
                            PatternNode {
                                pos: (
                                    5,
                                    6,
                                ),
                                kind: Identifier(
                                    Ident(5, 6) "a",
                                    false,
                                ),
                            },
                            PatternNode {
                                pos: (
                                    8,
                                    9,
                                ),
                                kind: Underscore,
                            },
                            PatternNode {
                                pos: (
                                    11,
                                    17,
                                ),
                                kind: UnlabeledTuple(
                                    [
                                        PatternNode {
                                            pos: (
                                                12,
                                                13,
                                            ),
                                            kind: Underscore,
                                        },
                                        PatternNode {
                                            pos: (
                                                15,
                                                16,
                                            ),
                                            kind: Identifier(
                                                Ident(15, 16) "b",
                                                false,
                                            ),
                                        },
                                    ],
                                ),
                            },
                        ],
                    ),
                },
                value: ExprNode {
                    pos: (
                        21,
                        43,
                    ),
                    kind: UnlabeledTuple {
                        entries: [
                            ExprNode {
                                pos: (
                                    22,
                                    24,
                                ),
                                kind: Literal {
                                    literal: LiteralNode {
                                        pos: (
                                            22,
                                            24,
                                        ),
                                        kind: IntDecimal(
                                            47,
                                        ),
                                    },
                                },
                                typ: Unknown,
                            },
                            ExprNode {
                                pos: (
                                    26,
                                    35,
                                ),
                                kind: Identifier {
                                    ident: Ident(26, 35) "something",
                                },
                                typ: Unknown,
                            },
                            ExprNode {
                                pos: (
                                    37,
                                    42,
                                ),
                                kind: Identifier {
                                    ident: Ident(37, 42) "tuple",
                                },
                                typ: Unknown,
                            },
                        ],
                    },
                    typ: Unknown,
                },
            },
        ),
    },
]

