---
source: pluma_parser/tests/parse_success.rs
expression: "\"wow\""
---

=== Source ===
"wow"

=== Comments ===
{}

=== AST ===
Module(1, 4) [
    TopLevelStatementNode {
        pos: (
            1,
            4,
        ),
        kind: Expr(
            ExprNode {
                pos: (
                    1,
                    4,
                ),
                kind: Literal {
                    literal: LiteralNode {
                        pos: (
                            1,
                            4,
                        ),
                        kind: Str(
                            "wow",
                        ),
                    },
                },
                typ: Unknown,
            },
        ),
    },
]

