---
source: pluma_parser/tests/parse_success.rs
expression: func()
---

=== Source ===
func()

=== Comments ===
{}

=== AST ===
Module(0, 6) [
    TopLevelStatementNode {
        pos: (
            0,
            6,
        ),
        kind: Expr(
            ExprNode {
                pos: (
                    0,
                    6,
                ),
                kind: Call {
                    call: CallNode {
                        pos: (
                            0,
                            6,
                        ),
                        callee: ExprNode {
                            pos: (
                                0,
                                4,
                            ),
                            kind: Identifier {
                                ident: Ident(0, 4) "func",
                            },
                            typ: Unknown,
                        },
                        args: [
                            ExprNode {
                                pos: (
                                    4,
                                    6,
                                ),
                                kind: EmptyTuple,
                                typ: Unknown,
                            },
                        ],
                        typ: Unknown,
                    },
                },
                typ: Unknown,
            },
        ),
    },
]

