---
source: pluma_parser/tests/parse_success.rs
expression: "\"hello\"\n  . f1 1\n  .f2 2"
---

=== Source ===
"hello"
  . f1 1
  .f2 2

=== Comments ===
{}

=== AST ===
Module(1, 24) [
    TopLevelStatementNode {
        pos: (
            1,
            24,
        ),
        kind: Expr(
            ExprNode {
                pos: (
                    1,
                    24,
                ),
                kind: Call {
                    call: CallNode {
                        pos: (
                            1,
                            24,
                        ),
                        callee: ExprNode {
                            pos: (
                                1,
                                22,
                            ),
                            kind: Access {
                                receiver: ExprNode {
                                    pos: (
                                        1,
                                        16,
                                    ),
                                    kind: Call {
                                        call: CallNode {
                                            pos: (
                                                1,
                                                16,
                                            ),
                                            callee: ExprNode {
                                                pos: (
                                                    1,
                                                    14,
                                                ),
                                                kind: Access {
                                                    receiver: ExprNode {
                                                        pos: (
                                                            1,
                                                            6,
                                                        ),
                                                        kind: Literal {
                                                            literal: LiteralNode {
                                                                pos: (
                                                                    1,
                                                                    6,
                                                                ),
                                                                kind: Str(
                                                                    "hello",
                                                                ),
                                                            },
                                                        },
                                                        typ: Unknown,
                                                    },
                                                    property: ExprNode {
                                                        pos: (
                                                            12,
                                                            14,
                                                        ),
                                                        kind: Identifier {
                                                            ident: Ident(12, 14) "f1",
                                                        },
                                                        typ: Unknown,
                                                    },
                                                },
                                                typ: Unknown,
                                            },
                                            args: [
                                                ExprNode {
                                                    pos: (
                                                        15,
                                                        16,
                                                    ),
                                                    kind: Literal {
                                                        literal: LiteralNode {
                                                            pos: (
                                                                15,
                                                                16,
                                                            ),
                                                            kind: IntDecimal(
                                                                1,
                                                            ),
                                                        },
                                                    },
                                                    typ: Unknown,
                                                },
                                            ],
                                            typ: Unknown,
                                        },
                                    },
                                    typ: Unknown,
                                },
                                property: ExprNode {
                                    pos: (
                                        20,
                                        22,
                                    ),
                                    kind: Identifier {
                                        ident: Ident(20, 22) "f2",
                                    },
                                    typ: Unknown,
                                },
                            },
                            typ: Unknown,
                        },
                        args: [
                            ExprNode {
                                pos: (
                                    23,
                                    24,
                                ),
                                kind: Literal {
                                    literal: LiteralNode {
                                        pos: (
                                            23,
                                            24,
                                        ),
                                        kind: IntDecimal(
                                            2,
                                        ),
                                    },
                                },
                                typ: Unknown,
                            },
                        ],
                        typ: Unknown,
                    },
                },
                typ: Unknown,
            },
        ),
    },
]

