---
source: pluma_parser/tests/parse_success.rs
expression: "def hello () {\n  |a| \"wow!\"\n}"
---

=== Source ===
def hello () {
  |a| "wow!"
}

=== Comments ===
{}

=== AST ===
Module(0, 29) [
    TopLevelStatement(0, 29) Def(
        DefNode {
            pos: (
                0,
                29,
            ),
            visibility: Public,
            kind: Function {
                signature: [
                    (
                        Ident(4, 9) "hello",
                        TypeExprNode {
                            pos: (
                                10,
                                12,
                            ),
                            kind: EmptyTuple,
                            typ: Unknown,
                        },
                    ),
                ],
            },
            return_type: None,
            generic_type_constraints: [],
            block: Block(13, 29) ([
                Pattern(18, 19) Identifier(Ident(18, 19) "a", false),
            ]) [
                Statement(22, 26) Expr(
                    ExprNode {
                        pos: (
                            22,
                            26,
                        ),
                        kind: Literal {
                            literal: Literal(22, 26) Str("wow!"),
                        },
                        typ: Unknown,
                    },
                ),
            ],
        },
    ),
]

