---
source: pluma_parser/tests/parse_success.rs
expression: "trait HasNameAndAge . name :: String . age :: Int"
---

=== Source ===
trait HasNameAndAge . name :: String . age :: Int

=== Comments ===
{}

=== AST ===
ModuleNode {
    pos: (
        0,
        49,
    ),
    body: [
        TopLevelStatementNode {
            pos: (
                0,
                49,
            ),
            kind: TypeDef(
                TypeDefNode {
                    pos: (
                        0,
                        49,
                    ),
                    visibility: Public,
                    kind: Trait {
                        fields: [
                            (
                                IdentifierNode {
                                    pos: (
                                        22,
                                        26,
                                    ),
                                    name: "name",
                                },
                                TypeExprNode {
                                    pos: (
                                        30,
                                        36,
                                    ),
                                    kind: Single(
                                        TypeIdentifierNode {
                                            pos: (
                                                30,
                                                36,
                                            ),
                                            name: "String",
                                            generics: [],
                                            constraints: None,
                                        },
                                    ),
                                    typ: Unknown,
                                },
                            ),
                            (
                                IdentifierNode {
                                    pos: (
                                        39,
                                        42,
                                    ),
                                    name: "age",
                                },
                                TypeExprNode {
                                    pos: (
                                        46,
                                        49,
                                    ),
                                    kind: Single(
                                        TypeIdentifierNode {
                                            pos: (
                                                46,
                                                49,
                                            ),
                                            name: "Int",
                                            generics: [],
                                            constraints: None,
                                        },
                                    ),
                                    typ: Unknown,
                                },
                            ),
                        ],
                        methods: [],
                    },
                    name: TypeIdentifierNode {
                        pos: (
                            6,
                            19,
                        ),
                        name: "HasNameAndAge",
                        generics: [],
                        constraints: None,
                    },
                    generic_type_constraints: [],
                },
            ),
        },
    ],
}

