---
source: pluma_parser/tests/parse_success.rs
expression: /space/
---

=== Source ===
/space/

=== Comments ===
{}

=== AST ===
Module(0, 7) [
    TopLevelStatement(0, 7) Expr(
        ExprNode {
            pos: (
                0,
                7,
            ),
            kind: RegExpr {
                regex: RegExprNode {
                    pos: (
                        1,
                        6,
                    ),
                    kind: CharacterClass(
                        "space",
                    ),
                },
            },
            typ: Unknown,
        },
    ),
]

