---
source: pluma_parser/tests/parse_success.rs
expression: "struct Thing<A, B> where A :: Any, B :: Comparable (\n  first : A,\n  second : B,\n  third : Int\n)"
---

=== Source ===
struct Thing<A, B> where A :: Any, B :: Comparable (
  first : A,
  second : B,
  third : Int
)

=== Comments ===
{}

=== AST ===
ModuleNode {
    pos: (
        0,
        95,
    ),
    body: [
        TopLevelStatementNode {
            pos: (
                0,
                95,
            ),
            kind: TypeDef(
                TypeDefNode {
                    pos: (
                        0,
                        95,
                    ),
                    visibility: Public,
                    kind: Struct {
                        inner: TypeExprNode {
                            pos: (
                                51,
                                95,
                            ),
                            kind: LabeledTuple(
                                [
                                    (
                                        IdentifierNode {
                                            pos: (
                                                55,
                                                60,
                                            ),
                                            name: "first",
                                        },
                                        TypeExprNode {
                                            pos: (
                                                63,
                                                64,
                                            ),
                                            kind: Single(
                                                TypeIdentifierNode {
                                                    pos: (
                                                        63,
                                                        64,
                                                    ),
                                                    name: "A",
                                                    generics: [],
                                                    constraints: None,
                                                },
                                            ),
                                            typ: Unknown,
                                        },
                                    ),
                                    (
                                        IdentifierNode {
                                            pos: (
                                                68,
                                                74,
                                            ),
                                            name: "second",
                                        },
                                        TypeExprNode {
                                            pos: (
                                                77,
                                                78,
                                            ),
                                            kind: Single(
                                                TypeIdentifierNode {
                                                    pos: (
                                                        77,
                                                        78,
                                                    ),
                                                    name: "B",
                                                    generics: [],
                                                    constraints: None,
                                                },
                                            ),
                                            typ: Unknown,
                                        },
                                    ),
                                    (
                                        IdentifierNode {
                                            pos: (
                                                82,
                                                87,
                                            ),
                                            name: "third",
                                        },
                                        TypeExprNode {
                                            pos: (
                                                90,
                                                93,
                                            ),
                                            kind: Single(
                                                TypeIdentifierNode {
                                                    pos: (
                                                        90,
                                                        93,
                                                    ),
                                                    name: "Int",
                                                    generics: [],
                                                    constraints: None,
                                                },
                                            ),
                                            typ: Unknown,
                                        },
                                    ),
                                ],
                            ),
                            typ: Unknown,
                        },
                    },
                    name: TypeIdentifierNode {
                        pos: (
                            7,
                            18,
                        ),
                        name: "Thing",
                        generics: [
                            TypeExprNode {
                                pos: (
                                    13,
                                    14,
                                ),
                                kind: Single(
                                    TypeIdentifierNode {
                                        pos: (
                                            13,
                                            14,
                                        ),
                                        name: "A",
                                        generics: [],
                                        constraints: None,
                                    },
                                ),
                                typ: Unknown,
                            },
                            TypeExprNode {
                                pos: (
                                    16,
                                    17,
                                ),
                                kind: Single(
                                    TypeIdentifierNode {
                                        pos: (
                                            16,
                                            17,
                                        ),
                                        name: "B",
                                        generics: [],
                                        constraints: None,
                                    },
                                ),
                                typ: Unknown,
                            },
                        ],
                        constraints: None,
                    },
                    generic_type_constraints: [
                        (
                            IdentifierNode {
                                pos: (
                                    25,
                                    26,
                                ),
                                name: "A",
                            },
                            TypeIdentifierNode {
                                pos: (
                                    30,
                                    33,
                                ),
                                name: "Any",
                                generics: [],
                                constraints: None,
                            },
                        ),
                        (
                            IdentifierNode {
                                pos: (
                                    35,
                                    36,
                                ),
                                name: "B",
                            },
                            TypeIdentifierNode {
                                pos: (
                                    40,
                                    50,
                                ),
                                name: "Comparable",
                                generics: [],
                                constraints: None,
                            },
                        ),
                    ],
                },
            ),
        },
    ],
}

