---
source: pluma_parser/tests/parse_success.rs
expression: "[]"
---

=== Source ===
[]

=== Comments ===
{}

=== AST ===
Module(0, 2) [
    TopLevelStatementNode {
        pos: (
            0,
            2,
        ),
        kind: Expr(
            ExprNode {
                pos: (
                    0,
                    2,
                ),
                kind: List {
                    elements: [],
                },
                typ: Unknown,
            },
        ),
    },
]

