---
source: pluma_parser/tests/parse_success.rs
expression: "def hello () -> String {\n  |a| \"wow!\"\n}"
---

=== Source ===
def hello () -> String {
  |a| "wow!"
}

=== Comments ===
{}

=== AST ===
Module(0, 39) [
    TopLevelStatementNode {
        pos: (
            0,
            39,
        ),
        kind: Def(
            DefNode {
                pos: (
                    0,
                    39,
                ),
                visibility: Public,
                kind: Function {
                    signature: [
                        (
                            Ident(4, 9) "hello",
                            TypeExprNode {
                                pos: (
                                    10,
                                    12,
                                ),
                                kind: EmptyTuple,
                                typ: Unknown,
                            },
                        ),
                    ],
                },
                return_type: Some(
                    TypeExprNode {
                        pos: (
                            16,
                            22,
                        ),
                        kind: Single(
                            TypeIdentifierNode {
                                pos: (
                                    16,
                                    22,
                                ),
                                name: "String",
                                generics: [],
                                constraints: None,
                            },
                        ),
                        typ: Unknown,
                    },
                ),
                generic_type_constraints: [],
                block: BlockNode {
                    pos: (
                        23,
                        39,
                    ),
                    params: [
                        PatternNode {
                            pos: (
                                28,
                                29,
                            ),
                            kind: Identifier(
                                Ident(28, 29) "a",
                                false,
                            ),
                        },
                    ],
                    body: [
                        StatementNode {
                            pos: (
                                32,
                                36,
                            ),
                            kind: Expr(
                                ExprNode {
                                    pos: (
                                        32,
                                        36,
                                    ),
                                    kind: Literal {
                                        literal: LiteralNode {
                                            pos: (
                                                32,
                                                36,
                                            ),
                                            kind: Str(
                                                "wow!",
                                            ),
                                        },
                                    },
                                    typ: Unknown,
                                },
                            ),
                        },
                    ],
                },
            },
        ),
    },
]

