---
source: pluma_parser/tests/parse_success.rs
expression: "\"🏳️‍🌈\""
---

=== Source ===
"🏳️‍🌈"

=== Comments ===
{}

=== AST ===
Module(1, 15) [
    TopLevelStatementNode {
        pos: (
            1,
            15,
        ),
        kind: Expr(
            ExprNode {
                pos: (
                    1,
                    15,
                ),
                kind: Literal {
                    literal: LiteralNode {
                        pos: (
                            1,
                            15,
                        ),
                        kind: Str(
                            "🏳\u{fe0f}\u{200d}🌈",
                        ),
                    },
                },
                typ: Unknown,
            },
        ),
    },
]

