---
source: pluma_parser/tests/parse_success.rs
expression: "def hello () world () {\n  |a, b| \"wow!\"\n}"
---

=== Source ===
def hello () world () {
  |a, b| "wow!"
}

=== Comments ===
{}

=== AST ===
Module(0, 41) [
    TopLevelStatement(0, 41) Def(
        DefNode {
            pos: (
                0,
                41,
            ),
            visibility: Public,
            kind: Function {
                signature: [
                    (
                        Ident(4, 9) "hello",
                        TypeExprNode {
                            pos: (
                                10,
                                12,
                            ),
                            kind: EmptyTuple,
                            typ: Unknown,
                        },
                    ),
                    (
                        Ident(13, 18) "world",
                        TypeExprNode {
                            pos: (
                                19,
                                21,
                            ),
                            kind: EmptyTuple,
                            typ: Unknown,
                        },
                    ),
                ],
            },
            return_type: None,
            generic_type_constraints: [],
            block: Block(22, 41) ([
                Pattern(27, 28) Identifier(Ident(27, 28) "a", false),
                Pattern(30, 31) Identifier(Ident(30, 31) "b", false),
            ]) [
                Statement(34, 38) Expr(
                    ExprNode {
                        pos: (
                            34,
                            38,
                        ),
                        kind: Literal {
                            literal: Literal(34, 38) Str("wow!"),
                        },
                        typ: Unknown,
                    },
                ),
            ],
        },
    ),
]

