---
source: pluma_parser/tests/parse_success.rs
expression: "\"wow\nthis\n   is\ncool!\""
---

=== Source ===
"wow
this
   is
cool!"

=== Comments ===
{}

=== AST ===
Module(1, 21) [
    TopLevelStatementNode {
        pos: (
            1,
            21,
        ),
        kind: Expr(
            ExprNode {
                pos: (
                    1,
                    21,
                ),
                kind: Literal {
                    literal: LiteralNode {
                        pos: (
                            1,
                            21,
                        ),
                        kind: Str(
                            "wow\nthis\n   is\ncool!",
                        ),
                    },
                },
                typ: Unknown,
            },
        ),
    },
]

