---
source: pluma_parser/tests/parse_success.rs
expression: let mut x = 47
---

=== Source ===
let mut x = 47

=== Comments ===
{}

=== AST ===
Module(0, 14) [
    TopLevelStatement(0, 14) Let(
        Let(0, 14) Pattern(4, 9) Identifier(Ident(8, 9) "x", true) ExprNode {
            pos: (
                12,
                14,
            ),
            kind: Literal {
                literal: Literal(12, 14) IntDecimal(47),
            },
            typ: Unknown,
        },
    ),
]

