---
source: pluma_parser/tests/parse_success.rs
expression: "print \"one\"\nprint \"two\""
---

=== Source ===
print "one"
print "two"

=== Comments ===
{}

=== AST ===
Module(0, 22) [
    TopLevelStatement(0, 10) Expr(
        ExprNode {
            pos: (
                0,
                10,
            ),
            kind: Call {
                call: Call {
                    callee: ExprNode {
                        pos: (
                            0,
                            5,
                        ),
                        kind: Identifier {
                            ident: Ident(0, 5) "print",
                        },
                        typ: Unknown,
                    },
                    args: [
                        ExprNode {
                            pos: (
                                7,
                                10,
                            ),
                            kind: Literal {
                                literal: Literal(7, 10) Str("one"),
                            },
                            typ: Unknown,
                        },
                    ],
                },
            },
            typ: Unknown,
        },
    ),
    TopLevelStatement(12, 22) Expr(
        ExprNode {
            pos: (
                12,
                22,
            ),
            kind: Call {
                call: Call {
                    callee: ExprNode {
                        pos: (
                            12,
                            17,
                        ),
                        kind: Identifier {
                            ident: Ident(12, 17) "print",
                        },
                        typ: Unknown,
                    },
                    args: [
                        ExprNode {
                            pos: (
                                19,
                                22,
                            ),
                            kind: Literal {
                                literal: Literal(19, 22) Str("two"),
                            },
                            typ: Unknown,
                        },
                    ],
                },
            },
            typ: Unknown,
        },
    ),
]

