---
source: pluma_parser/tests/parse_success.rs
expression: "def Person .. hello (String, Int) world () {\n  |a, b, c| \"wow!\"\n}"
---

=== Source ===
def Person .. hello (String, Int) world () {
  |a, b, c| "wow!"
}

=== Comments ===
{}

=== AST ===
ModuleNode {
    pos: (
        0,
        65,
    ),
    body: [
        TopLevelStatementNode {
            pos: (
                0,
                65,
            ),
            kind: Def(
                DefNode {
                    pos: (
                        0,
                        65,
                    ),
                    visibility: Public,
                    kind: Method {
                        receiver: TypeIdentifierNode {
                            pos: (
                                4,
                                10,
                            ),
                            name: "Person",
                            generics: [],
                            constraints: None,
                        },
                        signature: [
                            (
                                IdentifierNode {
                                    pos: (
                                        14,
                                        19,
                                    ),
                                    name: "hello",
                                },
                                TypeExprNode {
                                    pos: (
                                        20,
                                        33,
                                    ),
                                    kind: UnlabeledTuple(
                                        [
                                            TypeExprNode {
                                                pos: (
                                                    21,
                                                    27,
                                                ),
                                                kind: Single(
                                                    TypeIdentifierNode {
                                                        pos: (
                                                            21,
                                                            27,
                                                        ),
                                                        name: "String",
                                                        generics: [],
                                                        constraints: None,
                                                    },
                                                ),
                                                typ: Unknown,
                                            },
                                            TypeExprNode {
                                                pos: (
                                                    29,
                                                    32,
                                                ),
                                                kind: Single(
                                                    TypeIdentifierNode {
                                                        pos: (
                                                            29,
                                                            32,
                                                        ),
                                                        name: "Int",
                                                        generics: [],
                                                        constraints: None,
                                                    },
                                                ),
                                                typ: Unknown,
                                            },
                                        ],
                                    ),
                                    typ: Unknown,
                                },
                            ),
                            (
                                IdentifierNode {
                                    pos: (
                                        34,
                                        39,
                                    ),
                                    name: "world",
                                },
                                TypeExprNode {
                                    pos: (
                                        40,
                                        42,
                                    ),
                                    kind: EmptyTuple,
                                    typ: Unknown,
                                },
                            ),
                        ],
                    },
                    return_type: None,
                    generic_type_constraints: [],
                    block: BlockNode {
                        pos: (
                            43,
                            65,
                        ),
                        params: [
                            PatternNode {
                                pos: (
                                    48,
                                    49,
                                ),
                                kind: Identifier(
                                    IdentifierNode {
                                        pos: (
                                            48,
                                            49,
                                        ),
                                        name: "a",
                                    },
                                    false,
                                ),
                            },
                            PatternNode {
                                pos: (
                                    51,
                                    52,
                                ),
                                kind: Identifier(
                                    IdentifierNode {
                                        pos: (
                                            51,
                                            52,
                                        ),
                                        name: "b",
                                    },
                                    false,
                                ),
                            },
                            PatternNode {
                                pos: (
                                    54,
                                    55,
                                ),
                                kind: Identifier(
                                    IdentifierNode {
                                        pos: (
                                            54,
                                            55,
                                        ),
                                        name: "c",
                                    },
                                    false,
                                ),
                            },
                        ],
                        body: [
                            StatementNode {
                                pos: (
                                    58,
                                    62,
                                ),
                                kind: Expr(
                                    ExprNode {
                                        pos: (
                                            58,
                                            62,
                                        ),
                                        kind: Literal(
                                            LiteralNode {
                                                pos: (
                                                    58,
                                                    62,
                                                ),
                                                kind: Str(
                                                    "wow!",
                                                ),
                                            },
                                        ),
                                        typ: Unknown,
                                    },
                                ),
                            },
                        ],
                    },
                },
            ),
        },
    ],
}

