---
source: pluma_parser/tests/parse_success.rs
expression: "\"hello\"\n  . f1\n  .f2"
---

=== Source ===
"hello"
  . f1
  .f2

=== Comments ===
{}

=== AST ===
Module(1, 20) [
    TopLevelStatementNode {
        pos: (
            1,
            20,
        ),
        kind: Expr(
            ExprNode {
                pos: (
                    1,
                    20,
                ),
                kind: Access {
                    receiver: ExprNode {
                        pos: (
                            1,
                            14,
                        ),
                        kind: Access {
                            receiver: ExprNode {
                                pos: (
                                    1,
                                    6,
                                ),
                                kind: Literal {
                                    literal: LiteralNode {
                                        pos: (
                                            1,
                                            6,
                                        ),
                                        kind: Str(
                                            "hello",
                                        ),
                                    },
                                },
                                typ: Unknown,
                            },
                            property: ExprNode {
                                pos: (
                                    12,
                                    14,
                                ),
                                kind: Identifier {
                                    ident: Ident(12, 14) "f1",
                                },
                                typ: Unknown,
                            },
                        },
                        typ: Unknown,
                    },
                    property: ExprNode {
                        pos: (
                            18,
                            20,
                        ),
                        kind: Identifier {
                            ident: Ident(18, 20) "f2",
                        },
                        typ: Unknown,
                    },
                },
                typ: Unknown,
            },
        ),
    },
]

