---
source: pluma_parser/tests/parse_success.rs
expression: "def hello () world () {\n  |a, b| \"wow!\"\n}"
---

=== Source ===
def hello () world () {
  |a, b| "wow!"
}

=== Comments ===
{}

=== AST ===
ModuleNode {
    pos: (
        0,
        41,
    ),
    body: [
        TopLevelStatementNode {
            pos: (
                0,
                41,
            ),
            kind: Def(
                DefNode {
                    pos: (
                        0,
                        41,
                    ),
                    visibility: Public,
                    kind: Function {
                        signature: [
                            (
                                IdentifierNode {
                                    pos: (
                                        4,
                                        9,
                                    ),
                                    name: "hello",
                                },
                                TypeExprNode {
                                    pos: (
                                        10,
                                        12,
                                    ),
                                    kind: EmptyTuple,
                                    typ: Unknown,
                                },
                            ),
                            (
                                IdentifierNode {
                                    pos: (
                                        13,
                                        18,
                                    ),
                                    name: "world",
                                },
                                TypeExprNode {
                                    pos: (
                                        19,
                                        21,
                                    ),
                                    kind: EmptyTuple,
                                    typ: Unknown,
                                },
                            ),
                        ],
                    },
                    return_type: None,
                    generic_type_constraints: [],
                    block: BlockNode {
                        pos: (
                            22,
                            41,
                        ),
                        params: [
                            PatternNode {
                                pos: (
                                    27,
                                    28,
                                ),
                                kind: Identifier(
                                    IdentifierNode {
                                        pos: (
                                            27,
                                            28,
                                        ),
                                        name: "a",
                                    },
                                    false,
                                ),
                            },
                            PatternNode {
                                pos: (
                                    30,
                                    31,
                                ),
                                kind: Identifier(
                                    IdentifierNode {
                                        pos: (
                                            30,
                                            31,
                                        ),
                                        name: "b",
                                    },
                                    false,
                                ),
                            },
                        ],
                        body: [
                            StatementNode {
                                pos: (
                                    34,
                                    38,
                                ),
                                kind: Expr(
                                    ExprNode {
                                        pos: (
                                            34,
                                            38,
                                        ),
                                        kind: Literal(
                                            LiteralNode {
                                                pos: (
                                                    34,
                                                    38,
                                                ),
                                                kind: Str(
                                                    "wow!",
                                                ),
                                            },
                                        ),
                                        typ: Unknown,
                                    },
                                ),
                            },
                        ],
                    },
                },
            ),
        },
    ],
}

