---
source: pluma_parser/tests/parse_success.rs
expression: "\"a\" ++ \"b\""
---

=== Source ===
"a" ++ "b"

=== Comments ===
{}

=== AST ===
Module(1, 9) [
    TopLevelStatement(1, 9) Expr(
        ExprNode {
            pos: (
                1,
                9,
            ),
            kind: BinaryOperation {
                left: ExprNode {
                    pos: (
                        1,
                        2,
                    ),
                    kind: Literal {
                        literal: Literal(1, 2) Str("a"),
                    },
                    typ: Unknown,
                },
                op: Operator(4, 6) Concat,
                right: ExprNode {
                    pos: (
                        8,
                        9,
                    ),
                    kind: Literal {
                        literal: Literal(8, 9) Str("b"),
                    },
                    typ: Unknown,
                },
            },
            typ: Unknown,
        },
    ),
]

