---
source: pluma_parser/tests/parse_success.rs
expression: "\"wow\nthis\n   is\ncool!\""
---

=== Source ===
"wow
this
   is
cool!"

=== Comments ===
{}

=== AST ===
Module(1, 21) [
    TopLevelStatement(1, 21) Expr(
        ExprNode {
            pos: (
                1,
                21,
            ),
            kind: Literal {
                literal: Literal(1, 21) Str("wow\nthis\n   is\ncool!"),
            },
            typ: Unknown,
        },
    ),
]

