---
source: pluma_parser/tests/parse_success.rs
expression: "trait Wowie\n  .. getWow () -> Wow\n  .. setWow Wow -> ()"
---

=== Source ===
trait Wowie
  .. getWow () -> Wow
  .. setWow Wow -> ()

=== Comments ===
{}

=== AST ===
ModuleNode {
    pos: (
        0,
        55,
    ),
    body: [
        TopLevelStatementNode {
            pos: (
                0,
                55,
            ),
            kind: TypeDef(
                TypeDefNode {
                    pos: (
                        0,
                        55,
                    ),
                    visibility: Public,
                    kind: Trait {
                        fields: [],
                        methods: [
                            (
                                [
                                    (
                                        IdentifierNode {
                                            pos: (
                                                17,
                                                23,
                                            ),
                                            name: "getWow",
                                        },
                                        TypeExprNode {
                                            pos: (
                                                24,
                                                26,
                                            ),
                                            kind: EmptyTuple,
                                            typ: Unknown,
                                        },
                                    ),
                                ],
                                TypeExprNode {
                                    pos: (
                                        30,
                                        33,
                                    ),
                                    kind: Single(
                                        TypeIdentifierNode {
                                            pos: (
                                                30,
                                                33,
                                            ),
                                            name: "Wow",
                                            generics: [],
                                            constraints: None,
                                        },
                                    ),
                                    typ: Unknown,
                                },
                            ),
                            (
                                [
                                    (
                                        IdentifierNode {
                                            pos: (
                                                39,
                                                45,
                                            ),
                                            name: "setWow",
                                        },
                                        TypeExprNode {
                                            pos: (
                                                46,
                                                49,
                                            ),
                                            kind: Single(
                                                TypeIdentifierNode {
                                                    pos: (
                                                        46,
                                                        49,
                                                    ),
                                                    name: "Wow",
                                                    generics: [],
                                                    constraints: None,
                                                },
                                            ),
                                            typ: Unknown,
                                        },
                                    ),
                                ],
                                TypeExprNode {
                                    pos: (
                                        53,
                                        55,
                                    ),
                                    kind: EmptyTuple,
                                    typ: Unknown,
                                },
                            ),
                        ],
                    },
                    name: TypeIdentifierNode {
                        pos: (
                            6,
                            11,
                        ),
                        name: "Wowie",
                        generics: [],
                        constraints: None,
                    },
                    generic_type_constraints: [],
                },
            ),
        },
    ],
}

