---
source: pluma_parser/tests/parse_success.rs
expression: "(1,\n 2\n)"
---

=== Source ===
(1,
 2
)

=== Comments ===
{}

=== AST ===
Module(0, 8) [
    TopLevelStatement(0, 8) Expr(
        ExprNode {
            pos: (
                0,
                8,
            ),
            kind: UnlabeledTuple {
                entries: [
                    ExprNode {
                        pos: (
                            1,
                            2,
                        ),
                        kind: Literal {
                            literal: Literal(1, 2) IntDecimal(1),
                        },
                        typ: Unknown,
                    },
                    ExprNode {
                        pos: (
                            5,
                            6,
                        ),
                        kind: Literal {
                            literal: Literal(5, 6) IntDecimal(2),
                        },
                        typ: Unknown,
                    },
                ],
            },
            typ: Unknown,
        },
    ),
]

