---
source: pluma_parser/tests/parse_success.rs
expression: "def Person . greet String {\n  |a| \"wow!\"\n}"
---

=== Source ===
def Person . greet String {
  |a| "wow!"
}

=== Comments ===
{}

=== AST ===
Module(0, 42) [
    TopLevelStatement(0, 42) Def(
        DefNode {
            pos: (
                0,
                42,
            ),
            visibility: Public,
            kind: Method {
                receiver: TypeIdentifierNode {
                    pos: (
                        4,
                        10,
                    ),
                    name: "Person",
                    generics: [],
                    constraints: None,
                },
                signature: [
                    (
                        Ident(13, 18) "greet",
                        TypeExprNode {
                            pos: (
                                19,
                                25,
                            ),
                            kind: Single(
                                TypeIdentifierNode {
                                    pos: (
                                        19,
                                        25,
                                    ),
                                    name: "String",
                                    generics: [],
                                    constraints: None,
                                },
                            ),
                            typ: Unknown,
                        },
                    ),
                ],
            },
            return_type: None,
            generic_type_constraints: [],
            block: Block(26, 42) ([
                Pattern(31, 32) Identifier(Ident(31, 32) "a", false),
            ]) [
                Statement(35, 39) Expr(
                    ExprNode {
                        pos: (
                            35,
                            39,
                        ),
                        kind: Literal {
                            literal: Literal(35, 39) Str("wow!"),
                        },
                        typ: Unknown,
                    },
                ),
            ],
        },
    ),
]

