---
source: pluma_parser/tests/parse_success.rs
expression: let x = 47
---

=== Source ===
let x = 47

=== Comments ===
{}

=== AST ===
Module(0, 10) [
    TopLevelStatement(0, 10) Let(
        Let(0, 10) Pattern(4, 5) Identifier(Ident(4, 5) "x", false) ExprNode {
            pos: (
                8,
                10,
            ),
            kind: Literal {
                literal: Literal(8, 10) IntDecimal(47),
            },
            typ: Unknown,
        },
    ),
]

