---
source: tests/errors.rs
expression: output
---
error[E0107]: Field `namee` does not exist in record of type `{age: int, name: string}`.
  │
  ├─𜱶 help: did you mean `name`?
  ├─𜱶 note: available fields: `name`, `age`
  │
3 │ def main = me.namee
  │            ^^
  ╰─𜱶 tests/errors/record-field-typo/main.pa:3:12
