---
source: tests/analyze.rs
expression: output
---
module `main` (tests/analyze/ref-types/main.pa) {
    comments: {
        0: " Type-level inference checks for `ref`. `ref.new` returns `ref a` with",
        1: " `a` resolved from the argument; `ref.get` returns the inner type;",
        2: " `ref.set` / `ref.update` return `nothing`.",
    },
    ast: Some(
        module(4:0-24:1) [
            def(4:0-4:24) :: nothing {
                name: ident(4:4-4:12) `int-cell`,
                kind: expr(4:15-4:24) :: ref int {
                    kind: call(4:15-4:24) {
                        callee: expr(4:15-4:22) :: 't5 -> ref 't5 {
                            kind: namespace-access `ref.new`,
                        },
                        args: [
                            expr(4:23-4:24) :: int {
                                kind: literal(4:23-4:24) int 0,
                            },
                        ],
                    },
                },
            },
            def(6:0-6:27) :: nothing {
                name: ident(6:4-6:12) `str-cell`,
                kind: expr(6:15-6:27) :: ref string {
                    kind: call(6:15-6:27) {
                        callee: expr(6:15-6:22) :: 't7 -> ref 't7 {
                            kind: namespace-access `ref.new`,
                        },
                        args: [
                            expr(6:24-6:27) :: string {
                                kind: literal(6:24-6:27) string "hi",
                            },
                        ],
                    },
                },
            },
            def(8:0-10:1) :: nothing {
                name: ident(8:4-8:12) `read-int`,
                kind: expr(8:15-10:1) :: nothing -> int {
                    kind: fun(8:15-10:1) {
                        params: [],
                        body: [
                            expr(9:1-9:17) :: int {
                                kind: call(9:1-9:17) {
                                    callee: expr(9:1-9:8) :: (ref 't10) -> 't10 {
                                        kind: namespace-access `ref.get`,
                                    },
                                    args: [
                                        expr(9:9-9:17) :: ref int {
                                            kind: ident(9:9-9:17) `int-cell`,
                                        },
                                    ],
                                },
                            },
                        ],
                    },
                },
            },
            def(12:0-14:1) :: nothing {
                name: ident(12:4-12:13) `write-int`,
                kind: expr(12:16-14:1) :: nothing -> nothing {
                    kind: fun(12:16-14:1) {
                        params: [],
                        body: [
                            expr(13:1-13:19) :: nothing {
                                kind: call(13:1-13:19) {
                                    callee: expr(13:1-13:8) :: (ref 't14) 't14 -> nothing {
                                        kind: namespace-access `ref.set`,
                                    },
                                    args: [
                                        expr(13:9-13:17) :: ref int {
                                            kind: ident(13:9-13:17) `int-cell`,
                                        },
                                        expr(13:18-13:19) :: int {
                                            kind: literal(13:18-13:19) int 5,
                                        },
                                    ],
                                },
                            },
                        ],
                    },
                },
            },
            def(16:0-18:1) :: nothing {
                name: ident(16:4-16:12) `bump-int`,
                kind: expr(16:15-18:1) :: nothing -> nothing {
                    kind: fun(16:15-18:1) {
                        params: [],
                        body: [
                            expr(17:1-17:36) :: nothing {
                                kind: call(17:1-17:36) {
                                    callee: expr(17:1-17:11) :: (ref 't18) ('t18 -> 't18) -> nothing {
                                        kind: namespace-access `ref.update`,
                                    },
                                    args: [
                                        expr(17:12-17:20) :: ref int {
                                            kind: ident(17:12-17:20) `int-cell`,
                                        },
                                        expr(17:21-17:36) :: int -> int {
                                            kind: fun(17:21-17:36) {
                                                params: [
                                                    ident(17:25-17:26) `n` :: int,
                                                ],
                                                body: [
                                                    expr(17:29-17:34) :: int {
                                                        kind: binary op(17:31-17:32) `+` {
                                                            left: expr(17:29-17:30) :: int {
                                                                kind: ident(17:29-17:30) `n`,
                                                            },
                                                            right: expr(17:33-17:34) :: int {
                                                                kind: literal(17:33-17:34) int 1,
                                                            },
                                                        },
                                                    },
                                                ],
                                            },
                                        },
                                    ],
                                },
                            },
                        ],
                    },
                },
            },
            def(20:0-20:21) :: nothing {
                name: ident(20:6-20:13) `counter`,
                kind: alias type(20:14-20:21) type-ident(20:14-20:21) `ref`,
            },
            def(22:0-24:1) :: nothing {
                name: ident(22:4-22:16) `make-counter`,
                kind: expr(22:19-24:1) :: nothing -> ref int {
                    kind: fun(22:19-24:1) {
                        params: [],
                        body: [
                            expr(23:1-23:10) :: ref int {
                                kind: call(23:1-23:10) {
                                    callee: expr(23:1-23:8) :: 't25 -> ref 't25 {
                                        kind: namespace-access `ref.new`,
                                    },
                                    args: [
                                        expr(23:9-23:10) :: int {
                                            kind: literal(23:9-23:10) int 0,
                                        },
                                    ],
                                },
                            },
                        ],
                    },
                },
            },
        ],
    ),
}
