---
source: tests/analyze.rs
expression: output
---
module `main` (tests/analyze/def-type-alias-tuple/main.pa) {
    comments: {},
    ast: Some(
        module(0:0-0:27) [
            def(0:0-0:27) :: nothing {
                name: ident(0:6-0:16) `coordinate`,
                kind: alias type(0:17-0:27) tuple-type [
                    type(0:18-0:21) type-ident(0:18-0:21) `int`,
                    type(0:23-0:26) type-ident(0:23-0:26) `int`,
                ],
            },
        ],
    ),
}
