---
source: tests/analyze.rs
expression: output
---
module `main` (tests/analyze/bytes-literal/main.pa) {
    comments: {},
    ast: Some(
        module(0:0-4:14) [
            def(0:0-0:19) :: nothing {
                name: ident(0:4-0:9) `hello`,
                kind: expr(0:12-0:19) :: bytes {
                    kind: literal(0:12-0:19) bytes 'hello',
                },
            },
            def(2:0-2:36) :: nothing {
                name: ident(2:4-2:14) `png-header`,
                kind: expr(2:17-2:36) :: bytes {
                    kind: literal(2:17-2:36) bytes '\x89PNG\x0d\x0a\x1a\x0a',
                },
            },
            def(4:0-4:14) :: nothing {
                name: ident(4:4-4:9) `empty`,
                kind: expr(4:12-4:14) :: bytes {
                    kind: literal(4:12-4:14) bytes '',
                },
            },
        ],
    ),
}
