---
source: tests/src/parse_success.rs
expression: "/\"aa\" \"b\"{2, } \"cc\"/"
---

=== Source ===
/"aa" "b"{2, } "cc"/

=== Tokens ===
[
    ForwardSlash(
        0,
        1,
    ),
    StringLiteral(
        2,
        4,
    ),
    StringLiteral(
        7,
        8,
    ),
    LeftBrace(
        9,
        10,
    ),
    DecimalDigits(
        10,
        11,
    ),
    Comma(
        11,
        12,
    ),
    RightBrace(
        13,
        14,
    ),
    StringLiteral(
        16,
        18,
    ),
    ForwardSlash(
        19,
        20,
    ),
]

=== Comments ===
{}

=== AST ===
ModuleNode {
    pos: (
        0,
        20,
    ),
    body: [
        TopLevelStatementNode {
            pos: (
                0,
                20,
            ),
            kind: Expr(
                ExprNode {
                    pos: (
                        0,
                        20,
                    ),
                    kind: RegExpr(
                        RegExprNode {
                            pos: (
                                0,
                                0,
                            ),
                            kind: Sequence(
                                [
                                    RegExprNode {
                                        pos: (
                                            2,
                                            4,
                                        ),
                                        kind: Literal(
                                            "aa",
                                        ),
                                    },
                                    RegExprNode {
                                        pos: (
                                            7,
                                            14,
                                        ),
                                        kind: AtLeastCount(
                                            RegExprNode {
                                                pos: (
                                                    7,
                                                    8,
                                                ),
                                                kind: Literal(
                                                    "b",
                                                ),
                                            },
                                            2,
                                        ),
                                    },
                                    RegExprNode {
                                        pos: (
                                            16,
                                            18,
                                        ),
                                        kind: Literal(
                                            "cc",
                                        ),
                                    },
                                ],
                            ),
                        },
                    ),
                    typ: Unknown,
                },
            ),
        },
    ],
}

