---
source: compiler/src/tokenizer.rs
expression: "\"hello $(name \"inner $(o)\" wow)!\""
---
Ok(
    (
        [
            StringLiteral(
                1,
                7,
            ),
            InterpolationStart(
                8,
                9,
            ),
            Identifier(
                9,
                13,
            ),
            StringLiteral(
                15,
                21,
            ),
            InterpolationStart(
                22,
                23,
            ),
            Identifier(
                23,
                24,
            ),
            InterpolationEnd(
                24,
                25,
            ),
            StringLiteral(
                25,
                25,
            ),
            Identifier(
                27,
                30,
            ),
            InterpolationEnd(
                30,
                31,
            ),
            StringLiteral(
                31,
                32,
            ),
        ],
        {},
    ),
)
