---
source: tests/src/valid.rs
expression: "qual:hello"
---

=== Source ===
qual:hello

=== Tokens ===
[
    IdentifierLower(
        0,
        4,
    ),
    Colon(
        4,
        5,
    ),
    IdentifierLower(
        5,
        10,
    ),
]

=== Comments ===
{}

=== AST ===
Ok(
    Module {
        start: 0,
        end: 10,
        imports: [],
        body: [
            QualifiedIdentifier {
                start: 0,
                end: 10,
                qualifier: Identifier {
                    start: 0,
                    end: 4,
                    name: "qual",
                    inferred_type: Unknown,
                },
                ident: Identifier {
                    start: 5,
                    end: 10,
                    name: "hello",
                    inferred_type: Unknown,
                },
                inferred_type: Unknown,
            },
        ],
    },
)
