---
source: tests/errors.rs
expression: output
---
error[E0010]: Invalid expression after `.`: expected either an integer or a field name.
  │
  ├─𜱶 help: use `.field` for a record field or `.0` for a tuple element.
  │
2 │ def main = (1, 2).+
  │                   ^
  ╰─𜱶 tests/errors/invalid-dot-access/main.pa:2:19
