---
source: tests/errors.rs
expression: output
---
error[E0117]: Can't resolve trait `showable` dispatch on type `option a`: the type contains unbound type variables.
  │
  ├─𜱶 help: add a type annotation to disambiguate.
  │
6 │ def main = print (show none)
  │                   ^^^^
  ╰─𜱶 tests/errors/ambiguous-trait-method/main.pa:6:19
