---
source: tests/analyze.rs
expression: output
---
module `main` (tests/analyze/when-exhaustive/main.pa) {
    comments: {},
    ast: Some(
        module(0:0-33:1) [
            def(0:0-3:1) :: nothing {
                name: ident(0:5-0:9) `tree`,
                kind: enum(0:10-3:1) [
                    variant(1:1-1:6) {
                        name: ident(1:1-1:6) `empty`,
                        params: None,
                    },
                    variant(2:1-2:19) {
                        name: ident(2:1-2:5) `node`,
                        params: Some(
                            [
                                type(2:6-2:9) type-ident(2:6-2:9) `int`,
                                type(2:10-2:14) type-ident(2:10-2:14) `tree`,
                                type(2:15-2:19) type-ident(2:15-2:19) `tree`,
                            ],
                        ),
                    },
                ],
            },
            def(5:0-11:1) :: nothing {
                name: ident(5:4-5:19) `by-all-variants`,
                kind: expr(5:22-11:1) :: tree -> int {
                    kind: fun(5:22-11:1) {
                        params: [
                            ident(5:26-5:27) `t` :: tree,
                        ],
                        body: [
                            expr(6:1-10:2) :: int {
                                kind: when(6:1-10:2) [
                                    case(6:8-8:2) is pattern(6:11-6:21) Constructor(
                                        ConstructorHead {
                                            range: 6:11-6:21,
                                            module: None,
                                            enum_name: Some(
                                                ident(6:11-6:15) `tree`,
                                            ),
                                            variant: ident(6:16-6:21) `empty`,
                                        },
                                        [],
                                    ) [
                                        expr(7:2-7:3) :: int {
                                            kind: literal(7:2-7:3) int 0,
                                        },
                                    ],
                                    case(8:3-10:2) is pattern(8:6-8:25) Constructor(
                                        ConstructorHead {
                                            range: 8:6-8:15,
                                            module: None,
                                            enum_name: Some(
                                                ident(8:6-8:10) `tree`,
                                            ),
                                            variant: ident(8:11-8:15) `node`,
                                        },
                                        [
                                            pattern(8:16-8:19) Identifier(
                                                ident(8:16-8:19) `val`,
                                            ),
                                            pattern(8:20-8:22) Identifier(
                                                ident(8:20-8:22) `_l`,
                                            ),
                                            pattern(8:23-8:25) Identifier(
                                                ident(8:23-8:25) `_r`,
                                            ),
                                        ],
                                    ) [
                                        expr(9:2-9:5) :: int {
                                            kind: ident(9:2-9:5) `val`,
                                        },
                                    ],
                                ],
                            },
                        ],
                    },
                },
            },
            def(13:0-19:1) :: nothing {
                name: ident(13:4-13:15) `by-wildcard`,
                kind: expr(13:18-19:1) :: tree -> int {
                    kind: fun(13:18-19:1) {
                        params: [
                            ident(13:22-13:23) `t` :: tree,
                        ],
                        body: [
                            expr(14:1-18:2) :: int {
                                kind: when(14:1-18:2) [
                                    case(14:8-16:2) is pattern(14:11-14:21) Constructor(
                                        ConstructorHead {
                                            range: 14:11-14:21,
                                            module: None,
                                            enum_name: Some(
                                                ident(14:11-14:15) `tree`,
                                            ),
                                            variant: ident(14:16-14:21) `empty`,
                                        },
                                        [],
                                    ) [
                                        expr(15:2-15:3) :: int {
                                            kind: literal(15:2-15:3) int 0,
                                        },
                                    ],
                                    case(16:3-18:2) is pattern(16:3-16:7) Underscore [
                                        expr(17:2-17:3) :: int {
                                            kind: literal(17:2-17:3) int 1,
                                        },
                                    ],
                                ],
                            },
                        ],
                    },
                },
            },
            def(21:0-25:1) :: nothing {
                name: ident(21:4-21:23) `by-binding-catchall`,
                kind: expr(21:26-25:1) :: a -> int {
                    kind: fun(21:26-25:1) {
                        params: [
                            ident(21:30-21:31) `t` :: a,
                        ],
                        body: [
                            expr(22:1-24:2) :: int {
                                kind: when(22:1-24:2) [
                                    case(22:8-24:2) is pattern(22:11-22:21) Identifier(
                                        ident(22:11-22:21) `_something`,
                                    ) [
                                        expr(23:2-23:3) :: int {
                                            kind: literal(23:2-23:3) int 0,
                                        },
                                    ],
                                ],
                            },
                        ],
                    },
                },
            },
            def(27:0-33:1) :: nothing {
                name: ident(27:4-27:13) `bool-both`,
                kind: expr(27:16-33:1) :: bool -> int {
                    kind: fun(27:16-33:1) {
                        params: [
                            ident(27:20-27:21) `b` :: bool,
                        ],
                        body: [
                            expr(28:1-32:2) :: int {
                                kind: when(28:1-32:2) [
                                    case(28:8-30:2) is pattern(28:11-28:15) Literal(
                                        literal(28:11-28:15) bool true,
                                    ) [
                                        expr(29:2-29:3) :: int {
                                            kind: literal(29:2-29:3) int 0,
                                        },
                                    ],
                                    case(30:3-32:2) is pattern(30:6-30:11) Literal(
                                        literal(30:6-30:11) bool false,
                                    ) [
                                        expr(31:2-31:3) :: int {
                                            kind: literal(31:2-31:3) int 1,
                                        },
                                    ],
                                ],
                            },
                        ],
                    },
                },
            },
        ],
    ),
}
