---
source: tests/analyze.rs
expression: output
---
module `main` (tests/analyze/def-polymorphism/main.pa) {
    comments: {},
    ast: Some(
        module(0:0-7:1) [
            def(0:0-2:1) :: nothing {
                name: ident(0:4-0:12) `identity`,
                kind: expr(0:15-2:1) :: 'w -> 'w {
                    kind: fun(0:15-2:1) {
                        params: [
                            ident(0:19-0:20) `x` :: 'w,
                        ],
                        body: [
                            expr(1:1-1:2) :: 'w {
                                kind: ident(1:1-1:2) `x`,
                            },
                        ],
                    },
                },
            },
            def(4:0-7:1) :: nothing {
                name: ident(4:4-4:8) `main`,
                kind: expr(4:11-7:1) :: nothing -> int {
                    kind: fun(4:11-7:1) {
                        params: [],
                        body: [
                            expr(5:1-5:15) :: string {
                                kind: call(5:1-5:15) {
                                    callee: expr(5:1-5:9) :: string -> string {
                                        kind: ident(5:1-5:9) `identity`,
                                    },
                                    args: [
                                        expr(5:11-5:15) :: string {
                                            kind: literal(5:11-5:15) string "wow",
                                        },
                                    ],
                                },
                            },
                            expr(6:1-6:12) :: int {
                                kind: call(6:1-6:12) {
                                    callee: expr(6:1-6:9) :: int -> int {
                                        kind: ident(6:1-6:9) `identity`,
                                    },
                                    args: [
                                        expr(6:10-6:12) :: int {
                                            kind: literal(6:10-6:12) int 47,
                                        },
                                    ],
                                },
                            },
                        ],
                    },
                },
            },
        ],
    ),
}
