---
source: pluma_analyzer/tests/analyze_tests.rs
expression: "intrinsic_type Int\n\ndef returnsNothing () {\n  |arg| ()\n}\n\ndef intToInt Int -> Int {\n  |x| x\n}\n\nlet void = returnsNothing()\nlet n = intToInt 100"
---

=== Source ===
intrinsic_type Int

def returnsNothing () {
  |arg| ()
}

def intToInt Int -> Int {
  |x| x
}

let void = returnsNothing()
let n = intToInt 100

=== Top-level scope ===
Scope {
    levels: [
        ScopeLevel {
            bindings: [
                (
                    "intToInt",
                    Binding {
                        typ: Func(
                            [
                                Int,
                            ],
                            Int,
                        ),
                        ref_count: 1,
                        pos: (
                            58,
                            93,
                        ),
                        kind: Def,
                    },
                ),
                (
                    "n",
                    Binding {
                        typ: Int,
                        ref_count: 0,
                        pos: (
                            127,
                            128,
                        ),
                        kind: Let,
                    },
                ),
                (
                    "returnsNothing",
                    Binding {
                        typ: Func(
                            [
                                Nothing,
                            ],
                            Nothing,
                        ),
                        ref_count: 1,
                        pos: (
                            20,
                            56,
                        ),
                        kind: Def,
                    },
                ),
                (
                    "void",
                    Binding {
                        typ: Nothing,
                        ref_count: 0,
                        pos: (
                            99,
                            103,
                        ),
                        kind: Let,
                    },
                ),
            ],
        },
    ],
    type_bindings: [
        (
            Int,
            TypeBinding {
                ref_count: 2,
                pos: (
                    15,
                    18,
                ),
                kind: IntrinsicType,
                methods: {},
            },
        ),
    ],
}

