---
source: tests/analyze.rs
expression: output
---
module `main` (tests/analyze/let-polymorphism/main.pa) {
    comments: {},
    ast: Some(
        module(0:0-4:1) [
            def(0:0-4:1) :: nothing {
                name: ident(0:4-0:8) `main`,
                kind: expr(0:11-4:1) :: nothing -> int {
                    kind: fun(0:11-4:1) {
                        params: [],
                        body: [
                            expr(1:1-1:27) :: nothing {
                                kind: let(1:1-1:27) {
                                    name: ident(1:5-1:13) `identity`,
                                    value: expr(1:16-1:27) :: 's -> 's {
                                        kind: fun(1:16-1:27) {
                                            params: [
                                                ident(1:20-1:21) `x` :: 's,
                                            ],
                                            body: [
                                                expr(1:24-1:25) :: 's {
                                                    kind: ident(1:24-1:25) `x`,
                                                },
                                            ],
                                        },
                                    },
                                },
                            },
                            expr(2:1-2:15) :: string {
                                kind: call(2:1-2:15) {
                                    callee: expr(2:1-2:9) :: string -> string {
                                        kind: ident(2:1-2:9) `identity`,
                                    },
                                    args: [
                                        expr(2:11-2:15) :: string {
                                            kind: literal(2:11-2:15) string "wow",
                                        },
                                    ],
                                },
                            },
                            expr(3:1-3:12) :: int {
                                kind: call(3:1-3:12) {
                                    callee: expr(3:1-3:9) :: int -> int {
                                        kind: ident(3:1-3:9) `identity`,
                                    },
                                    args: [
                                        expr(3:10-3:12) :: int {
                                            kind: literal(3:10-3:12) int 47,
                                        },
                                    ],
                                },
                            },
                        ],
                    },
                },
            },
        ],
    ),
}
