---
source: tests/frontend_single_file_tests.rs
expression: result
---
Ok(
    Some(
        ModuleNode {
            span: (
                0,
                69,
            ),
            body: [
                DefinitionNode {
                    span: (
                        0,
                        26,
                    ),
                    name: IdentifierNode {
                        span: (
                            4,
                            12,
                        ),
                        name: "identity",
                    },
                    kind: Expr(
                        ExprNode {
                            span: (
                                13,
                                26,
                            ),
                            kind: Lambda(
                                LambdaNode {
                                    span: (
                                        13,
                                        26,
                                    ),
                                    params: [
                                        LambdaParamNode {
                                            ident: IdentifierNode {
                                                span: (
                                                    17,
                                                    18,
                                                ),
                                                name: "x",
                                            },
                                            inferred_type: Int,
                                        },
                                    ],
                                    body: [
                                        ExprNode {
                                            span: (
                                                23,
                                                24,
                                            ),
                                            kind: Identifier(
                                                IdentifierNode {
                                                    span: (
                                                        23,
                                                        24,
                                                    ),
                                                    name: "x",
                                                },
                                            ),
                                            inferred_type: Int,
                                        },
                                    ],
                                },
                            ),
                            inferred_type: Func(
                                [
                                    Int,
                                ],
                                Int,
                            ),
                        },
                    ),
                    inferred_type: Func(
                        [
                            Int,
                        ],
                        Int,
                    ),
                },
                DefinitionNode {
                    span: (
                        28,
                        47,
                    ),
                    name: IdentifierNode {
                        span: (
                            32,
                            35,
                        ),
                        name: "num",
                    },
                    kind: Expr(
                        ExprNode {
                            span: (
                                36,
                                47,
                            ),
                            kind: Call(
                                CallNode {
                                    span: (
                                        36,
                                        47,
                                    ),
                                    callee: ExprNode {
                                        span: (
                                            36,
                                            44,
                                        ),
                                        kind: Identifier(
                                            IdentifierNode {
                                                span: (
                                                    36,
                                                    44,
                                                ),
                                                name: "identity",
                                            },
                                        ),
                                        inferred_type: Func(
                                            [
                                                Int,
                                            ],
                                            Int,
                                        ),
                                    },
                                    args: [
                                        ExprNode {
                                            span: (
                                                45,
                                                47,
                                            ),
                                            kind: Literal(
                                                LiteralNode {
                                                    span: (
                                                        45,
                                                        47,
                                                    ),
                                                    kind: IntDecimal(
                                                        47,
                                                    ),
                                                },
                                            ),
                                            inferred_type: Int,
                                        },
                                    ],
                                },
                            ),
                            inferred_type: Int,
                        },
                    ),
                    inferred_type: Int,
                },
                DefinitionNode {
                    span: (
                        49,
                        69,
                    ),
                    name: IdentifierNode {
                        span: (
                            53,
                            56,
                        ),
                        name: "str",
                    },
                    kind: Expr(
                        ExprNode {
                            span: (
                                57,
                                69,
                            ),
                            kind: Call(
                                CallNode {
                                    span: (
                                        57,
                                        69,
                                    ),
                                    callee: ExprNode {
                                        span: (
                                            57,
                                            65,
                                        ),
                                        kind: Identifier(
                                            IdentifierNode {
                                                span: (
                                                    57,
                                                    65,
                                                ),
                                                name: "identity",
                                            },
                                        ),
                                        inferred_type: Func(
                                            [
                                                Int,
                                            ],
                                            Int,
                                        ),
                                    },
                                    args: [
                                        ExprNode {
                                            span: (
                                                67,
                                                69,
                                            ),
                                            kind: Literal(
                                                LiteralNode {
                                                    span: (
                                                        67,
                                                        69,
                                                    ),
                                                    kind: Str(
                                                        "hi",
                                                    ),
                                                },
                                            ),
                                            inferred_type: String,
                                        },
                                    ],
                                },
                            ),
                            inferred_type: Int,
                        },
                    ),
                    inferred_type: Int,
                },
            ],
        },
    ),
)
