---
source: tests/errors.rs
expression: output
---
error[E0135]: Variant `wrap` must be qualified by its enum.
   │
   ├─𜱶 help: qualify it, e.g. `boxed.wrap` (one of: `boxed.wrap`, `tagged.wrap`).
   │
14 │  when x is wrap _ {
   │            ^^^^
   ╰─𜱶 tests/errors/bare-variant-ambiguous/main.pa:14:12
