---
source: tests/run.rs
expression: combined
---
== status ==
ok
== stdout ==
map-task order:
  0
  10
  20
  30
map-task fault releases:
[B] open
  0
  1
[B] close
  recovered
take 0 (no open/close expected):
  done
take-while reject-first:
[D] open
[D] close
  done
empty fold:
  total = 7
== stderr ==
